// Vitest Snapshot v1, https://vitest.dev/guide/snapshot.html

exports[`solveDay > produces stable itinerary output (FR-31) 1`] = `
{
  "days": [
    {
      "dayId": "D1",
      "metrics": {
        "slackMin": 748.0590557204848,
        "storesVisited": 3,
        "totalDriveMin": 690.9409442795152,
        "totalDwellMin": 0,
      },
      "stops": [
        {
          "arrive": "00:00",
          "depart": "00:00",
          "id": "S",
          "name": "start",
          "type": "start",
        },
        {
          "arrive": "02:18",
          "depart": "02:18",
          "dwellMin": 0,
          "id": "A",
          "legIn": {
            "distanceMi": 138.18818885590304,
            "driveMin": 138.18818885590304,
            "fromId": "S",
            "toId": "A",
          },
          "name": "A",
          "type": "store",
        },
        {
          "arrive": "05:45",
          "depart": "05:45",
          "dwellMin": 0,
          "id": "B",
          "legIn": {
            "distanceMi": 207.28228328385455,
            "driveMin": 207.28228328385455,
            "fromId": "A",
            "toId": "B",
          },
          "name": "B",
          "type": "store",
        },
        {
          "arrive": "09:13",
          "depart": "09:13",
          "dwellMin": 0,
          "id": "C",
          "legIn": {
            "distanceMi": 207.28228328385458,
            "driveMin": 207.28228328385458,
            "fromId": "B",
            "toId": "C",
          },
          "name": "C",
          "type": "store",
        },
        {
          "arrive": "11:31",
          "depart": "11:31",
          "id": "E",
          "legIn": {
            "distanceMi": 138.188188855903,
            "driveMin": 138.188188855903,
            "fromId": "C",
            "toId": "E",
          },
          "name": "end",
          "type": "end",
        },
      ],
    },
  ],
}
`;
